\BOOKMARK [1][-]{section*.2}{\376\377\000L\000i\000s\000t\000\040\000o\000f\000\040\000F\000i\000g\000u\000r\000e\000s}{}% 1
\BOOKMARK [1][-]{section*.3}{\376\377\000L\000i\000s\000t\000\040\000o\000f\000\040\000T\000a\000b\000l\000e\000s}{}% 2
\BOOKMARK [1][-]{section*.4}{\376\377\000N\000o\000m\000e\000n\000c\000l\000a\000t\000u\000r\000e}{}% 3
\BOOKMARK [1][-]{section.1}{\376\377\000I\000n\000t\000r\000o\000d\000u\000c\000t\000i\000o\000n}{}% 4
\BOOKMARK [2][-]{subsection.1.1}{\376\377\000P\000r\000o\000j\000e\000c\000t\000\040\000C\000o\000n\000t\000e\000x\000t\000\040\000a\000n\000d\000\040\000P\000r\000o\000b\000l\000e\000m\000\040\000S\000i\000g\000n\000i\000f\000i\000c\000a\000n\000c\000e}{section.1}% 5
\BOOKMARK [1][-]{section.2}{\376\377\000L\000i\000t\000e\000r\000a\000t\000u\000r\000e\000\040\000R\000e\000v\000i\000e\000w}{}% 6
\BOOKMARK [2][-]{subsection.2.1}{\376\377\000M\000i\000n\000i\000m\000a\000l\000l\000y\000\040\000I\000n\000v\000a\000s\000i\000v\000e\000\040\000S\000u\000r\000g\000e\000r\000y\000\040\000\050\000M\000I\000S\000\051\000\040\000a\000n\000d\000\040\000R\000o\000b\000o\000t\000i\000c\000\040\000S\000y\000s\000t\000e\000m\000s}{section.2}% 7
\BOOKMARK [3][-]{subsubsection.2.1.1}{\376\377\000H\000i\000s\000t\000o\000r\000i\000c\000a\000l\000\040\000P\000r\000o\000g\000r\000e\000s\000s\000i\000o\000n\000\040\000o\000f\000\040\000S\000u\000r\000g\000e\000r\000y\000\040\000a\000n\000d\000\040\000M\000I\000S\000\040\000R\000o\000b\000o\000t\000i\000c\000s}{subsection.2.1}% 8
\BOOKMARK [3][-]{subsubsection.2.1.2}{\376\377\000M\000a\000c\000r\000o\040\023\000M\000i\000c\000r\000o\000\040\000A\000r\000c\000h\000i\000t\000e\000c\000t\000u\000r\000e\000\040\000f\000o\000r\000\040\000S\000u\000r\000g\000i\000c\000a\000l\000\040\000R\000o\000b\000o\000t\000i\000c\000s}{subsection.2.1}% 9
\BOOKMARK [3][-]{subsubsection.2.1.3}{\376\377\000C\000o\000n\000t\000i\000n\000u\000u\000m\000\040\000M\000a\000n\000i\000p\000u\000l\000a\000t\000o\000r\000s\000\040\000f\000o\000r\000\040\000M\000I\000S}{subsection.2.1}% 10
\BOOKMARK [3][-]{subsubsection.2.1.4}{\376\377\000C\000o\000s\000t\000\040\000a\000n\000d\000\040\000A\000c\000c\000e\000s\000s\000i\000b\000i\000l\000i\000t\000y\000\040\000C\000o\000n\000s\000i\000d\000e\000r\000a\000t\000i\000o\000n\000s}{subsection.2.1}% 11
\BOOKMARK [3][-]{subsubsection.2.1.5}{\376\377\000U\000R\0005\000e\000-\000B\000a\000s\000e\000d\000\040\000S\000y\000s\000t\000e\000m\000s\000\040\000a\000n\000d\000\040\000I\000d\000e\000n\000t\000i\000f\000i\000e\000d\000\040\000L\000i\000m\000i\000t\000a\000t\000i\000o\000n\000s}{subsection.2.1}% 12
\BOOKMARK [2][-]{subsection.2.2}{\376\377\000T\000e\000l\000e\000o\000p\000e\000r\000a\000t\000i\000o\000n\000\040\000a\000n\000d\000\040\000C\000o\000n\000t\000r\000o\000l\000\040\000i\000n\000\040\000S\000u\000r\000g\000i\000c\000a\000l\000\040\000R\000o\000b\000o\000t\000i\000c\000s}{section.2}% 13
\BOOKMARK [3][-]{subsubsection.2.2.1}{\376\377\000M\000o\000d\000e\000l\000l\000i\000n\000g\000\040\000F\000r\000a\000m\000e\000w\000o\000r\000k\000s\000\040\000f\000o\000r\000\040\000C\000o\000n\000t\000i\000n\000u\000u\000m\000\040\000S\000u\000r\000g\000i\000c\000a\000l\000\040\000R\000o\000b\000o\000t\000i\000c\000s}{subsection.2.2}% 14
\BOOKMARK [3][-]{subsubsection.2.2.2}{\376\377\000T\000r\000e\000m\000o\000r\000\040\000S\000u\000p\000p\000r\000e\000s\000s\000i\000o\000n\000\040\000a\000n\000d\000\040\000D\000e\000l\000a\000y\000-\000R\000o\000b\000u\000s\000t\000\040\000I\000n\000t\000e\000r\000a\000c\000t\000i\000o\000n}{subsection.2.2}% 15
\BOOKMARK [3][-]{subsubsection.2.2.3}{\376\377\000S\000t\000a\000t\000e\000\040\000E\000s\000t\000i\000m\000a\000t\000i\000o\000n\000\040\000a\000n\000d\000\040\000P\000r\000e\000d\000i\000c\000t\000i\000v\000e\000\040\000B\000i\000l\000a\000t\000e\000r\000a\000l\000\040\000A\000r\000c\000h\000i\000t\000e\000c\000t\000u\000r\000e\000s}{subsection.2.2}% 16
\BOOKMARK [3][-]{subsubsection.2.2.4}{\376\377\000S\000h\000a\000r\000e\000d\000\040\000C\000o\000n\000t\000r\000o\000l\000,\000\040\000I\000m\000m\000e\000r\000s\000i\000o\000n\000,\000\040\000a\000n\000d\000\040\000H\000a\000p\000t\000i\000c\000\040\000F\000o\000r\000c\000e\000\040\000A\000w\000a\000r\000e\000n\000e\000s\000s}{subsection.2.2}% 17
\BOOKMARK [3][-]{subsubsection.2.2.5}{\376\377\000T\000r\000a\000n\000s\000m\000i\000s\000s\000i\000o\000n\000\040\000N\000o\000n\000l\000i\000n\000e\000a\000r\000i\000t\000y\000\040\000a\000n\000d\000\040\000D\000i\000s\000t\000a\000l\000\040\000F\000o\000r\000c\000e\000\040\000S\000a\000f\000e\000t\000y}{subsection.2.2}% 18
\BOOKMARK [2][-]{subsection.2.3}{\376\377\000M\000o\000d\000u\000l\000a\000r\000i\000t\000y\000\040\000a\000n\000d\000\040\000T\000e\000n\000d\000o\000n\000-\000D\000r\000i\000v\000e\000n\000\040\000C\000o\000n\000t\000i\000n\000u\000u\000m\000\040\000M\000a\000n\000i\000p\000u\000l\000a\000t\000o\000r\000s}{section.2}% 19
\BOOKMARK [3][-]{subsubsection.2.3.1}{\376\377\000T\000o\000o\000l\000\040\000E\000x\000c\000h\000a\000n\000g\000e\000\040\000M\000e\000c\000h\000a\000n\000i\000s\000m\000s}{subsection.2.3}% 20
\BOOKMARK [2][-]{subsection.2.4}{\376\377\000S\000y\000s\000t\000e\000m\000\040\000S\000a\000f\000e\000t\000y\000\040\000a\000n\000d\000\040\000R\000e\000l\000i\000a\000b\000i\000l\000i\000t\000y\000\040\000C\000o\000n\000s\000i\000d\000e\000r\000a\000t\000i\000o\000n\000s}{section.2}% 21
\BOOKMARK [3][-]{subsubsection.2.4.1}{\376\377\000S\000a\000f\000e\000t\000y\000\040\000C\000o\000n\000s\000t\000r\000a\000i\000n\000t\000\040\000M\000o\000d\000e\000l\000\040\000a\000n\000d\000\040\000H\000a\000z\000a\000r\000d\000\040\000T\000a\000x\000o\000n\000o\000m\000y}{subsection.2.4}% 22
\BOOKMARK [3][-]{subsubsection.2.4.2}{\376\377\000E\000r\000r\000o\000r\000\040\000D\000e\000t\000e\000c\000t\000i\000o\000n\000\040\000a\000n\000d\000\040\000R\000e\000p\000o\000r\000t\000i\000n\000g\000\040\000A\000r\000c\000h\000i\000t\000e\000c\000t\000u\000r\000e}{subsection.2.4}% 23
\BOOKMARK [3][-]{subsubsection.2.4.3}{\376\377\000M\000a\000l\000f\000u\000n\000c\000t\000i\000o\000n\000\040\000F\000r\000e\000q\000u\000e\000n\000c\000y\000\040\000a\000n\000d\000\040\000I\000m\000m\000e\000d\000i\000a\000t\000e\000\040\000C\000l\000i\000n\000i\000c\000a\000l\000\040\000C\000o\000n\000s\000e\000q\000u\000e\000n\000c\000e}{subsection.2.4}% 24
\BOOKMARK [3][-]{subsubsection.2.4.4}{\376\377\000P\000r\000e\000v\000e\000n\000t\000a\000b\000l\000e\000\040\000V\000e\000r\000s\000u\000s\000\040\000N\000o\000n\000-\000P\000r\000e\000v\000e\000n\000t\000a\000b\000l\000e\000\040\000F\000a\000u\000l\000t\000s}{subsection.2.4}% 25
\BOOKMARK [3][-]{subsubsection.2.4.5}{\376\377\000L\000i\000f\000e\000c\000y\000c\000l\000e\000\040\000R\000e\000l\000i\000a\000b\000i\000l\000i\000t\000y\000:\000\040\000R\000e\000c\000o\000n\000f\000i\000g\000u\000r\000a\000t\000i\000o\000n\000,\000\040\000W\000e\000a\000r\000,\000\040\000a\000n\000d\000\040\000R\000e\000p\000r\000o\000c\000e\000s\000s\000i\000n\000g}{subsection.2.4}% 26
\BOOKMARK [3][-]{subsubsection.2.4.6}{\376\377\000I\000n\000t\000e\000g\000r\000a\000t\000e\000d\000\040\000S\000a\000f\000e\000t\000y\000\040\000G\000a\000p\000\040\000a\000n\000d\000\040\000E\000v\000a\000l\000u\000a\000t\000i\000o\000n\000\040\000E\000n\000d\000p\000o\000i\000n\000t\000s}{subsection.2.4}% 27
\BOOKMARK [2][-]{subsection.2.5}{\376\377\000S\000y\000n\000t\000h\000e\000s\000i\000s\000\040\000o\000f\000\040\000L\000i\000t\000e\000r\000a\000t\000u\000r\000e\000\040\000a\000n\000d\000\040\000K\000n\000o\000w\000l\000e\000d\000g\000e\000\040\000G\000a\000p\000s}{section.2}% 28
\BOOKMARK [2][-]{subsection.2.6}{\376\377\000P\000r\000i\000o\000r\000i\000t\000y\000\040\000E\000v\000i\000d\000e\000n\000c\000e\000\040\000G\000a\000p\000s\000\040\000f\000o\000r\000\040\000A\000d\000d\000i\000t\000i\000o\000n\000a\000l\000\040\000R\000e\000v\000i\000e\000w}{section.2}% 29
\BOOKMARK [1][-]{section.3}{\376\377\000R\000e\000s\000e\000a\000r\000c\000h\000\040\000Q\000u\000e\000s\000t\000i\000o\000n\000\040\000a\000n\000d\000\040\000P\000r\000o\000j\000e\000c\000t\000\040\000P\000l\000a\000n}{}% 30
\BOOKMARK [2][-]{subsection.3.1}{\376\377\000R\000e\000s\000e\000a\000r\000c\000h\000\040\000Q\000u\000e\000s\000t\000i\000o\000n\000\040\000a\000n\000d\000\040\000P\000l\000a\000n\000\040\000S\000t\000a\000t\000u\000s}{section.3}% 31
\BOOKMARK [2][-]{subsection.3.2}{\376\377\000P\000l\000a\000n\000\040\000Q\000u\000a\000l\000i\000t\000y\000\040\000C\000r\000i\000t\000e\000r\000i\000a\000\040\000\050\000A\000s\000s\000e\000s\000s\000m\000e\000n\000t\000-\000A\000l\000i\000g\000n\000e\000d\000\051}{section.3}% 32
\BOOKMARK [2][-]{subsection.3.3}{\376\377\000C\000u\000r\000r\000e\000n\000t\000\040\000P\000l\000a\000n\000n\000i\000n\000g\000\040\000P\000o\000s\000i\000t\000i\000o\000n}{section.3}% 33
\BOOKMARK [1][-]{section.4}{\376\377\000P\000r\000o\000j\000e\000c\000t\000\040\000D\000e\000p\000e\000n\000d\000e\000n\000t\000\040\000P\000r\000e\000p\000a\000r\000a\000t\000i\000o\000n\000s}{}% 34
\BOOKMARK [1][-]{section.5}{\376\377\000C\000o\000n\000c\000l\000u\000s\000i\000o\000n}{}% 35
\BOOKMARK [1][-]{section*.5}{\376\377\000A\000c\000k\000n\000o\000w\000l\000e\000d\000g\000e\000m\000e\000n\000t\000s}{}% 36
\BOOKMARK [1][-]{section*.6}{\376\377\000R\000e\000f\000e\000r\000e\000n\000c\000e\000s}{}% 37
\BOOKMARK [1][-]{section*.7}{\376\377\000A\000p\000p\000e\000n\000d\000i\000c\000e\000s}{}% 38
\BOOKMARK [1][-]{appendix.A}{\376\377\000R\000u\000b\000r\000i\000c\000-\000A\000l\000i\000g\000n\000e\000d\000\040\000C\000o\000v\000e\000r\000a\000g\000e\000\040\000N\000o\000t\000e\000s\000\040\000\050\000M\000M\000A\000N\0004\0009\0005\0001\000/\000M\000M\000A\000N\0009\0004\0005\0001\000\040\000I\000n\000t\000e\000r\000i\000m\000\040\000R\000e\000p\000o\000r\000t\000\051}{}% 39
